// Jest Snapshot v1, https://goo.gl/fbAQLP

exports[`IplRadio matches snapshot 1`] = `
"<fieldset>
  <legend>Radio!</legend>
  <div class="ipl-radio__options"><label><input type="radio" name="test-radio"><span>Option One</span></label><label><input type="radio" name="test-radio"><span>Option Two</span></label><label><input type="radio" disabled="" name="test-radio"><span>Option Three</span></label></div>
</fieldset>"
`;
