// Jest Snapshot v1, https://goo.gl/fbAQLP

exports[`IplUpload shows custom message if no file is uploaded 1`] = `"<label class="ipl-upload"><span>Upload a file!</span><input type="file"></label>"`;

exports[`IplUpload shows file data if a file is uploaded 1`] = `
"<label class="ipl-upload">
  <font-awesome-icon-stub icon="[object Object]" border="false" fixedwidth="false" flip="false" listitem="false" pulse="false" swapopacity="false" spin="false" symbol="false" inverse="false" bounce="false" shake="false" beat="false" fade="false" beatfade="false" flash="false" spinpulse="false" spinreverse="false" class="icon"></font-awesome-icon-stub><span>mock-file.jpg</span><input type="file">
</label>"
`;

exports[`IplUpload shows message if no file is uploaded 1`] = `"<label class="ipl-upload"><span>Drag a file here or click to browse...</span><input type="file"></label>"`;
